{"locale":"de","translations":{"SimpleText":"Content","MultilineText":" Line 1\n          Line 2\n          Line 3 ","Whitespace":" whitespace test ","Interpolate":"Testing {$INTERPOLATION} interpolation","Link":" Testing link\n          {$START_LINK} Link{$CLOSE_LINK}\n          More text "}}