<?xml version="1.0" encoding="utf-8"?><xliff version="1.2" xmlns="urn:oasis:names:tc:xliff:document:1.2" xmlns:xsi="http://www.w3.org/2001/XMLSchema-instance" xsi:schemaLocation="urn:oasis:names:tc:xliff:document:1.2 xliff-core-1.2-strict.xsd"><file><body><trans-unit id="SimpleText">Content</trans-unit><trans-unit id="MultilineText"> Line 1
          Line 2
          Line 3 </trans-unit><trans-unit id="Whitespace"> whitespace test </trans-unit><trans-unit id="Interpolate">Testing <x id="INTERPOLATION"/> interpolation</trans-unit><trans-unit id="Link"> Testing link
          <x id="START_LINK"/> Link<x id="CLOSE_LINK"/>
          More text </trans-unit></body></file></xliff>