<?xml version="1.0" encoding="utf-8"?><xliff version="1.2" xmlns="urn:oasis:names:tc:xliff:document:1.2" xmlns:xsi="http://www.w3.org/2001/XMLSchema-instance" xsi:schemaLocation="urn:oasis:names:tc:xliff:document:1.2 xliff-core-1.2-strict.xsd"><file><body><trans-unit id="SimpleContent">Text content 1</trans-unit><trans-unit id="Interpolation">Testing <x id="INTERPOLATION"/> interpolation</trans-unit><trans-unit id="Link">Testing <x id="START_LINK"/>Link<x id="CLOSE_LINK"/>. More text.</trans-unit><trans-unit id="StartLink"><x id="START_LINK"/>Link<x id="CLOSE_LINK"/>. More text.</trans-unit><trans-unit id="EndLink">Testing <x id="START_LINK"/>Link<x id="CLOSE_LINK"/></trans-unit><trans-unit id="MultiLink">Testing <x id="START_LINK"/>Link<x id="CLOSE_LINK"/><x id="START_LINK"/>Link2<x id="CLOSE_LINK"/>, more...</trans-unit></body></file></xliff>